// Jest Snapshot v1, https://goo.gl/fbAQLP

exports[`<ResultsPage /> should match snapshot 1`] = `
<div>
  <div
    class="results-loading"
    data-testid="results-skeleton"
  >
    <div
      class="skeleton-loader"
    >
      <div
        class="section1"
      />
      <div
        class="section2"
      />
      <div
        class="section3"
      />
    </div>
    <div
      class="skeleton-loader"
    >
      <div
        class="section1"
      />
      <div
        class="section2"
      />
      <div
        class="section3"
      />
    </div>
    <div
      class="skeleton-loader"
    >
      <div
        class="section1"
      />
      <div
        class="section2"
      />
      <div
        class="section3"
      />
    </div>
    <div
      class="skeleton-loader"
    >
      <div
        class="section1"
      />
      <div
        class="section2"
      />
      <div
        class="section3"
      />
    </div>
  </div>
</div>
`;
